2025-11-17 12:02:36,523 - INFO - ======================================================================
2025-11-17 12:02:36,524 - INFO - PHASE 1: HADITH CHUNKING
2025-11-17 12:02:36,524 - INFO - ======================================================================
2025-11-17 12:02:36,524 - INFO - Collections: 2
2025-11-17 12:02:36,524 - INFO - Max chunk size: 800 chars
2025-11-17 12:02:36,525 - INFO - Chunk overlap: 1 sentences
2025-11-17 12:02:36,525 - INFO - Output: ./data/processed/chunks.jsonl
2025-11-17 12:02:36,525 - INFO - ======================================================================
2025-11-17 12:02:36,526 - INFO - 
======================================================================
2025-11-17 12:02:36,526 - INFO - Processing: bukhari
2025-11-17 12:02:36,526 - INFO - ======================================================================
2025-11-17 12:02:36,526 - INFO - Loading: ./data/raw/bukhari.json
2025-11-17 12:02:36,604 - INFO - Loaded 7277 hadiths
2025-11-17 12:02:36,615 - INFO - 
[bukhari] Quarter 1/4: Processing hadiths 1-1820
2025-11-17 12:17:58,819 - INFO - ======================================================================
2025-11-17 12:17:58,819 - INFO - PHASE 1: HADITH CHUNKING
2025-11-17 12:17:58,820 - INFO - ======================================================================
2025-11-17 12:17:58,820 - INFO - Collections: 2
2025-11-17 12:17:58,820 - INFO - Max chunk size: 800 chars
2025-11-17 12:17:58,820 - INFO - Chunk overlap: 1 sentences
2025-11-17 12:17:58,820 - INFO - Output: ./data/processed/chunks.jsonl
2025-11-17 12:17:58,820 - INFO - ======================================================================
2025-11-17 12:17:58,821 - INFO - 
======================================================================
2025-11-17 12:17:58,821 - INFO - Processing: bukhari
2025-11-17 12:17:58,821 - INFO - ======================================================================
2025-11-17 12:17:58,821 - INFO - Loading: ./data/raw/bukhari.json
2025-11-17 12:17:58,894 - INFO - Loaded 7277 hadiths
2025-11-17 12:17:58,905 - INFO - Total hadiths: 7277
2025-11-17 12:17:58,905 - INFO - Batch size: 100
2025-11-17 12:17:58,905 - INFO - Total batches: 73
2025-11-17 12:17:58,906 - INFO - 
[bukhari] Batch 1/73: Processing hadiths 1-100
2025-11-17 12:30:20,912 - INFO - ======================================================================
2025-11-17 12:30:20,913 - INFO - PHASE 1: HADITH CHUNKING
2025-11-17 12:30:20,913 - INFO - ======================================================================
2025-11-17 12:30:20,913 - INFO - Collections: 2
2025-11-17 12:30:20,913 - INFO - Max chunk size: 800 chars
2025-11-17 12:30:20,913 - INFO - Chunk overlap: 1 sentences
2025-11-17 12:30:20,913 - INFO - Output: ./data/processed/chunks.jsonl
2025-11-17 12:30:20,913 - INFO - ======================================================================
2025-11-17 12:30:20,914 - INFO - 
======================================================================
2025-11-17 12:30:20,914 - INFO - Processing: bukhari
2025-11-17 12:30:20,914 - INFO - ======================================================================
2025-11-17 12:30:20,914 - INFO - Loading: ./data/raw/bukhari.json
2025-11-17 12:30:21,013 - INFO - Loaded 7277 hadiths
2025-11-17 12:30:21,023 - INFO - Total hadiths: 7277
2025-11-17 12:30:21,024 - INFO - Batch size: 100
2025-11-17 12:30:21,024 - INFO - Total batches: 73
2025-11-17 12:30:21,024 - INFO - 
[bukhari] Batch 1/73: Processing hadiths 1-100
2025-11-17 13:40:42,129 - INFO - ======================================================================
2025-11-17 13:40:42,129 - INFO - PHASE 1: HADITH CHUNKING
2025-11-17 13:40:42,130 - INFO - ======================================================================
2025-11-17 13:40:42,130 - INFO - Collections: 2
2025-11-17 13:40:42,131 - INFO - Max chunk size: 800 chars
2025-11-17 13:40:42,131 - INFO - Chunk overlap: 1 sentences
2025-11-17 13:40:42,131 - INFO - Processing mode: One hadith at a time
2025-11-17 13:40:42,131 - INFO - Output files: 2
2025-11-17 13:40:42,132 - INFO - ======================================================================
2025-11-17 13:40:42,133 - INFO - 
======================================================================
2025-11-17 13:40:42,134 - INFO - Processing: bukhari
2025-11-17 13:40:42,134 - INFO - ======================================================================
2025-11-17 13:40:42,134 - INFO - Loading: ./data/raw/bukhari.json
2025-11-17 13:40:42,237 - INFO - Loaded 7277 hadiths
2025-11-17 13:40:42,251 - INFO - Total hadiths: 7277
2025-11-17 13:40:42,251 - INFO - Processing one hadith at a time
2025-11-17 13:40:42,251 - INFO - [bukhari] Processing hadith 1/7277
